// Jest Snapshot v1, https://goo.gl/fbAQLP

exports[`DataViews savedObjectToSpec 1`] = `
Object {
  "dataSourceRef": undefined,
  "description": undefined,
  "displayName": undefined,
  "fields": Object {},
  "id": "id",
  "intervalName": undefined,
  "sourceFilters": Array [
    Object {
      "value": "item1",
    },
    Object {
      "value": "item2",
    },
  ],
  "timeFieldName": "@timestamp",
  "title": "opensearch-dashboards-*",
  "type": "",
  "typeMeta": Object {},
  "version": "version",
}
`;

exports[`DataViews savedObjectToSpecWithDataSource 1`] = `
Object {
  "dataSourceRef": Object {
    "id": "id",
    "name": "dataSource",
    "type": "data-source",
  },
  "description": undefined,
  "displayName": undefined,
  "fields": Object {},
  "id": "id",
  "intervalName": undefined,
  "sourceFilters": Array [
    Object {
      "value": "item1",
    },
    Object {
      "value": "item2",
    },
  ],
  "timeFieldName": "@timestamp",
  "title": "opensearch-dashboards-*",
  "type": "",
  "typeMeta": Object {},
  "version": "version",
}
`;
