// Jest Snapshot v1, https://goo.gl/fbAQLP

exports[`Index pattern experimental callout component should render normally 1`] = `
<ExperimentalCallout>
  <EuiCallOut
    color="warning"
    data-test-subj="index-pattern-experimental-callout"
    iconType="alert"
    title="Experimental feature active"
  >
    <div
      className="euiCallOut euiCallOut--warning"
      data-test-subj="index-pattern-experimental-callout"
    >
      <div
        className="euiCallOutHeader"
      >
        <EuiIcon
          aria-hidden="true"
          className="euiCallOutHeader__icon"
          color="inherit"
          size="m"
          type="alert"
        >
          <span
            aria-hidden="true"
            className="euiCallOutHeader__icon"
            color="inherit"
            data-euiicon-type="alert"
            size="m"
          />
        </EuiIcon>
        <span
          className="euiCallOutHeader__title"
        >
          Experimental feature active
        </span>
      </div>
      <EuiText
        color="default"
        size="s"
      >
        <div
          className="euiText euiText--small"
        >
          <EuiTextColor
            color="default"
            component="div"
          >
            <div
              className="euiTextColor euiTextColor--default"
            >
              <EuiText
                data-test-subj="index-pattern-experimental-callout-text"
              >
                <div
                  className="euiText euiText--medium"
                  data-test-subj="index-pattern-experimental-callout-text"
                >
                  <p>
                    The experimental feature 
                    <b>
                      Data Source Connection 
                    </b>
                    is active. To create an index pattern without using data from an external source, use 
                    <b>
                      default
                    </b>
                    . Any index pattern created using an external data source will result in an error if the experimental feature is deactivated.
                  </p>
                </div>
              </EuiText>
            </div>
          </EuiTextColor>
        </div>
      </EuiText>
    </div>
  </EuiCallOut>
  <EuiSpacer
    size="m"
  >
    <div
      className="euiSpacer euiSpacer--m"
    />
  </EuiSpacer>
</ExperimentalCallout>
`;
