// Jest Snapshot v1, https://goo.gl/fbAQLP

exports[`Header should render normally 1`] = `
<div>
  <EuiTitle
    size="s"
  >
    <h2>
      <FormattedMessage
        defaultMessage="Step {currentStepNumber} of {totalStepNumber}: Configure settings"
        id="indexPatternManagement.createIndexPattern.stepTimeHeader"
        values={
          Object {
            "currentStepNumber": 0,
            "totalStepNumber": 0,
          }
        }
      />
    </h2>
  </EuiTitle>
  <EuiSpacer
    size="m"
  />
  <EuiText>
    <FormattedMessage
      defaultMessage="Specify settings for your {indexPattern} {indexPatternName}."
      id="indexPatternManagement.createIndexPattern.stepTimeLabel"
      values={
        Object {
          "indexPattern": <strong>
            ki*
          </strong>,
          "indexPatternName": "ki*",
        }
      }
    />
  </EuiText>
</div>
`;
