// Jest Snapshot v1, https://goo.gl/fbAQLP

exports[`CreateButton should render normally 1`] = `
<EuiButton
  data-test-subj="createDataSourceButton"
  fill={true}
  onClick={[Function]}
>
  <FormattedMessage
    defaultMessage="Create data source connection"
    id="dataSourcesManagement.dataSourceListing.createButton"
    values={Object {}}
  />
</EuiButton>
`;
