// Jest Snapshot v1, https://goo.gl/fbAQLP

exports[`ScriptingHelpFlyout should render normally 1`] = `
<EuiFlyout
  data-test-subj="scriptedFieldsHelpFlyout"
  onClose={[Function]}
>
  <EuiFlyoutBody>
    <EuiTabbedContent
      autoFocus="initial"
      initialSelectedTab={
        Object {
          "content": <ScriptingSyntax />,
          "data-test-subj": "syntaxTab",
          "id": "syntax",
          "name": "Syntax",
        }
      }
      preserveTabContent={false}
      size="s"
      tabs={
        Array [
          Object {
            "content": <ScriptingSyntax />,
            "data-test-subj": "syntaxTab",
            "id": "syntax",
            "name": "Syntax",
          },
          Object {
            "content": <TestScript
              dataset={Object {}}
              executeScript={[Function]}
              lang="painless"
            />,
            "data-test-subj": "testTab",
            "id": "test",
            "name": "Preview results",
          },
        ]
      }
    />
  </EuiFlyoutBody>
</EuiFlyout>
`;

exports[`ScriptingHelpFlyout should render nothing if not visible 1`] = `
<EuiFlyout
  data-test-subj="scriptedFieldsHelpFlyout"
  onClose={[Function]}
>
  <EuiFlyoutBody>
    <EuiTabbedContent
      autoFocus="initial"
      initialSelectedTab={
        Object {
          "content": <ScriptingSyntax />,
          "data-test-subj": "syntaxTab",
          "id": "syntax",
          "name": "Syntax",
        }
      }
      preserveTabContent={false}
      size="s"
      tabs={
        Array [
          Object {
            "content": <ScriptingSyntax />,
            "data-test-subj": "syntaxTab",
            "id": "syntax",
            "name": "Syntax",
          },
          Object {
            "content": <TestScript
              dataset={Object {}}
              executeScript={[Function]}
              lang="painless"
            />,
            "data-test-subj": "testTab",
            "id": "test",
            "name": "Preview results",
          },
        ]
      }
    />
  </EuiFlyoutBody>
</EuiFlyout>
`;
