// Jest Snapshot v1, https://goo.gl/fbAQLP

exports[`DeleteWorkspaceModal should render normally 1`] = `
<body
  class="euiBody-hasOverlayMask"
>
  <div />
  <div
    class="euiOverlayMask euiOverlayMask--aboveHeader"
  >
    <div
      data-eui="EuiFocusTrap"
    >
      <div
        aria-label="modal"
        class="euiModal euiModal--maxWidth-default delete-workspace-modal"
        tabindex="0"
      >
        <button
          aria-label="Closes this modal window"
          class="euiButtonIcon euiButtonIcon--text euiButtonIcon--empty euiButtonIcon--xSmall euiModal__closeIcon"
          type="button"
        >
          <span
            aria-hidden="true"
            class="euiButtonIcon__icon"
            color="inherit"
            data-euiicon-type="cross"
          />
        </button>
        <div
          class="euiModal__flex"
        >
          <div
            class="euiModalHeader"
            data-test-subj="delete-workspace-modal-header"
          >
            <div
              class="euiModalHeader__title"
            >
              Delete workspace
            </div>
          </div>
          <div
            class="euiModalBody"
            data-test-subj="delete-workspace-modal-body"
          >
            <div
              class="euiModalBody__overflow"
            >
              <div
                style="line-height: 1.5;"
              >
                <p>
                  The following workspace will be permanently deleted. This action cannot be undone.
                </p>
                <ul
                  style="list-style-type: disc; list-style-position: inside;"
                />
                <div
                  class="euiSpacer euiSpacer--l"
                />
                <div
                  class="euiText euiText--medium"
                >
                  <div
                    class="euiTextColor euiTextColor--subdued"
                  >
                    To confirm your action, type 
                    <b>
                      delete
                    </b>
                    .
                  </div>
                </div>
                <div
                  class="euiFormControlLayout euiFormControlLayout--fullWidth"
                >
                  <div
                    class="euiFormControlLayout__childrenWrapper"
                  >
                    <input
                      class="euiFieldText euiFieldText--fullWidth"
                      data-test-subj="delete-workspace-modal-input"
                      placeholder="delete"
                      type="text"
                      value=""
                    />
                  </div>
                </div>
              </div>
            </div>
          </div>
          <div
            class="euiModalFooter"
          >
            <button
              class="euiButtonEmpty euiButtonEmpty--primary"
              data-test-subj="delete-workspace-modal-cancel-button"
              type="button"
            >
              <span
                class="euiButtonContent euiButtonEmpty__content"
              >
                <span
                  class="euiButtonEmpty__text"
                >
                  Cancel
                </span>
              </span>
            </button>
            <button
              class="euiButton euiButton--danger euiButton--fill euiButton-isDisabled"
              data-test-subj="delete-workspace-modal-confirm"
              disabled=""
              type="button"
            >
              <span
                class="euiButtonContent euiButton__content"
              >
                <span
                  class="euiButton__text"
                >
                  Delete
                </span>
              </span>
            </button>
          </div>
        </div>
      </div>
    </div>
  </div>
</body>
`;
