// Jest Snapshot v1, https://goo.gl/fbAQLP

exports[`DataExplorerApp should render the canvas and panel when selected 1`] = `
<div>
  <div
    class="euiPage euiPage--grow deLayout"
  >
    <div>
      Context
    </div>
  </div>
</div>
`;
