// Jest Snapshot v1, https://goo.gl/fbAQLP

exports[`TracesPage should render the traces page component 1`] = `
<div>
  <div
    class="mainPage"
  >
    <div>
      WIP: this is traces flavor rendered by the new explore plugin
    </div>
    <div
      class="euiPage deLayout"
    >
      <div>
        Loading...
      </div>
    </div>
  </div>
</div>
`;
