// Jest Snapshot v1, https://goo.gl/fbAQLP

exports[`Datasource experimental callout component should render normally 1`] = `
<ExperimentalCallout
  docLinks={
    Object {
      "links": Object {
        "noDocumentation": Object {
          "indexPatterns": Object {
            "introduction": "",
          },
          "scriptedFields": Object {},
        },
      },
    }
  }
>
  <EuiCallOut
    data-test-subj="data-source-experimental-call"
    iconType="iInCircle"
    title="Experimental Feature"
  >
    <div
      className="euiCallOut euiCallOut--primary"
      data-test-subj="data-source-experimental-call"
    >
      <div
        className="euiCallOutHeader"
      >
        <EuiIcon
          aria-hidden="true"
          className="euiCallOutHeader__icon"
          color="inherit"
          size="m"
          type="iInCircle"
        >
          <span
            aria-hidden="true"
            className="euiCallOutHeader__icon"
            color="inherit"
            data-euiicon-type="iInCircle"
            size="m"
          />
        </EuiIcon>
        <span
          className="euiCallOutHeader__title"
        >
          Experimental Feature
        </span>
      </div>
      <EuiText
        color="default"
        size="s"
      >
        <div
          className="euiText euiText--small"
        >
          <EuiTextColor
            color="default"
            component="div"
          >
            <div
              className="euiTextColor euiTextColor--default"
            >
              <p>
                The feature is experimental and should not be used in a production environment. Any index patterns, visualization, and observability panels will be impacted if the feature is deactivated. For more information see 
                <EuiLink
                  href=""
                  target="_blank"
                >
                  <a
                    className="euiLink euiLink--primary"
                    href=""
                    rel="noopener noreferrer"
                    target="_blank"
                  >
                    Data Source Documentation
                    <EuiIcon
                      aria-label="External link"
                      className="euiLink__externalIcon"
                      size="s"
                      type="popout"
                    >
                      <span
                        aria-label="External link"
                        className="euiLink__externalIcon"
                        data-euiicon-type="popout"
                        size="s"
                      />
                    </EuiIcon>
                    <EuiScreenReaderOnly>
                      <span
                        className="euiScreenReaderOnly"
                      >
                        <EuiI18n
                          default="(opens in a new tab or window)"
                          token="euiLink.newTarget.screenReaderOnlyText"
                        >
                          (opens in a new tab or window)
                        </EuiI18n>
                      </span>
                    </EuiScreenReaderOnly>
                  </a>
                </EuiLink>
                 
                To leave feedback, visit 
                <EuiLink
                  target="_blank"
                >
                  <button
                    className="euiLink euiLink--primary"
                    disabled={false}
                    type="button"
                  >
                    OpenSearch Forum
                  </button>
                </EuiLink>
              </p>
            </div>
          </EuiTextColor>
        </div>
      </EuiText>
    </div>
  </EuiCallOut>
  <EuiSpacer
    size="m"
  >
    <div
      className="euiSpacer euiSpacer--m"
    />
  </EuiSpacer>
</ExperimentalCallout>
`;
