// Jest Snapshot v1, https://goo.gl/fbAQLP

exports[`<NavGroups /> should render correctly 1`] = `
<div>
  <div
    class="euiFlexItem"
  >
    <nav
      class="euiSideNav euiSideNav-isOpenMobile"
    >
      <div
        class="euiSideNav__content euiSideNav__contentMobile-xs euiSideNav__contentMobile-s"
        id="euiSideNavContent_generated-id"
      >
        <div
          class="euiSideNavItem euiSideNavItem--root euiSideNavItem--hasChildItems nav-link-fake-item"
        >
          <div
            class="euiSideNavItemButton nav-link-fake-item-button"
          >
            <span
              class="euiSideNavItemButton__content"
            >
              <span
                class="euiSideNavItemButton__label euiSideNavItemButton__label--truncated"
              />
            </span>
          </div>
          <div
            class="euiSideNavItem__items"
          >
            <div
              class="euiSideNavItem euiSideNavItem--trunk euiSideNavItem--hasChildItems nav-link-item  nav-link-parent-item"
            >
              <button
                aria-label="pure link"
                class="euiSideNavItemButton euiSideNavItemButton-isOpen nav-link-item-btn nav-link-parent-item-button"
                data-test-subj="collapsibleNavAppLink-pure"
                type="button"
              >
                <span
                  class="euiSideNavItemButton__content"
                >
                  <span
                    class="euiSideNavItemButton__label euiSideNavItemButton__label--truncated"
                    title="pure link"
                  >
                    <div
                      class="euiText euiText--extraSmall"
                    >
                      pure link
                    </div>
                  </span>
                  <span
                    data-euiicon-type="arrowDown"
                  />
                </span>
              </button>
              <div
                class="euiSideNavItem__items"
              >
                <div
                  class="euiSideNavItem euiSideNavItem--branch nav-link-item nav-nested-item"
                >
                  <button
                    aria-label="subLink"
                    class="euiSideNavItemButton euiSideNavItemButton--isClickable nav-link-item-btn"
                    data-test-subj="collapsibleNavAppLink-subLink"
                    type="button"
                  >
                    <span
                      class="euiSideNavItemButton__content"
                    >
                      <span
                        class="euiSideNavItemButton__label euiSideNavItemButton__label--truncated"
                        title="subLink"
                      >
                        <div
                          class="euiText euiText--extraSmall"
                        >
                          subLink
                        </div>
                      </span>
                    </span>
                  </button>
                </div>
              </div>
            </div>
          </div>
        </div>
        <div
          class="euiSideNavItem euiSideNavItem--root euiSideNavItem--hasChildItems"
        >
          <div
            aria-label="category-1"
            class="euiSideNavItemButton"
          >
            <span
              class="euiSideNavItemButton__content"
            >
              <span
                class="euiSideNavItemButton__label euiSideNavItemButton__label--truncated"
                title="category-1"
              >
                <div
                  class="nav-link-item"
                >
                  category-1
                </div>
              </span>
            </span>
          </div>
          <div
            class="euiSideNavItem__items"
          >
            <div
              class="euiSideNavItem euiSideNavItem--trunk euiSideNavItem--hasChildItems nav-link-item  nav-link-parent-item"
            >
              <button
                aria-label="link-in-category"
                class="euiSideNavItemButton euiSideNavItemButton-isOpen nav-link-item-btn nav-link-parent-item-button"
                data-test-subj="collapsibleNavAppLink-link-in-category"
                type="button"
              >
                <span
                  class="euiSideNavItemButton__content"
                >
                  <span
                    class="euiSideNavItemButton__label euiSideNavItemButton__label--truncated"
                    title="link-in-category"
                  >
                    <div
                      class="euiText euiText--extraSmall"
                    >
                      link-in-category
                    </div>
                  </span>
                  <span
                    data-euiicon-type="arrowDown"
                  />
                </span>
              </button>
              <div
                class="euiSideNavItem__items"
              >
                <div
                  class="euiSideNavItem euiSideNavItem--branch nav-link-item nav-nested-item"
                >
                  <button
                    aria-label="sub-link-in-category"
                    class="euiSideNavItemButton euiSideNavItemButton--isClickable nav-link-item-btn"
                    data-test-subj="collapsibleNavAppLink-sub-link-in-category"
                    type="button"
                  >
                    <span
                      class="euiSideNavItemButton__content"
                    >
                      <span
                        class="euiSideNavItemButton__label euiSideNavItemButton__label--truncated"
                        title="sub-link-in-category"
                      >
                        <div
                          class="euiText euiText--extraSmall"
                        >
                          sub-link-in-category
                        </div>
                      </span>
                    </span>
                  </button>
                </div>
              </div>
            </div>
            <div
              class="euiSideNavItem euiSideNavItem--trunk nav-link-item "
            >
              <button
                aria-label="link-in-category-2"
                class="euiSideNavItemButton euiSideNavItemButton--isClickable nav-link-item-btn"
                data-test-subj="collapsibleNavAppLink-link-in-category-2"
                type="button"
              >
                <span
                  class="euiSideNavItemButton__content"
                >
                  <span
                    class="euiSideNavItemButton__label euiSideNavItemButton__label--truncated"
                    title="link-in-category-2"
                  >
                    <div
                      class="euiText euiText--extraSmall"
                    >
                      link-in-category-2
                    </div>
                  </span>
                </span>
              </button>
            </div>
          </div>
        </div>
      </div>
    </nav>
  </div>
</div>
`;
