// Jest Snapshot v1, https://goo.gl/fbAQLP

exports[`helpers createSpecFromXYChartDatatable() build complicated line chart" 1`] = `"{\\"$schema\\":\\"https://vega.github.io/schema/vega-lite/v5.json\\",\\"data\\":{\\"values\\":[{\\"col-0-2\\":1672214400000,\\"col-1-1\\":44,\\"col-2-3\\":60.9375},{\\"col-0-2\\":1672300800000,\\"col-1-1\\":150,\\"col-2-3\\":82.5},{\\"col-0-2\\":1672387200000,\\"col-1-1\\":154,\\"col-2-3\\":79.5},{\\"col-0-2\\":1672473600000,\\"col-1-1\\":144,\\"col-2-3\\":75.875},{\\"col-0-2\\":1672560000000,\\"col-1-1\\":133,\\"col-2-3\\":259.25},{\\"col-0-2\\":1672646400000,\\"col-1-1\\":149,\\"col-2-3\\":90},{\\"col-0-2\\":1672732800000,\\"col-1-1\\":152,\\"col-2-3\\":79.0625},{\\"col-0-2\\":1672819200000,\\"col-1-1\\":144,\\"col-2-3\\":82.5},{\\"col-0-2\\":1672905600000,\\"col-1-1\\":166,\\"col-2-3\\":85.25},{\\"col-0-2\\":1672992000000,\\"col-1-1\\":151,\\"col-2-3\\":92},{\\"col-0-2\\":1673078400000,\\"col-1-1\\":143,\\"col-2-3\\":90.75},{\\"col-0-2\\":1673164800000,\\"col-1-1\\":148,\\"col-2-3\\":92},{\\"col-0-2\\":1673251200000,\\"col-1-1\\":146,\\"col-2-3\\":83.25},{\\"col-0-2\\":1673337600000,\\"col-1-1\\":137,\\"col-2-3\\":98},{\\"col-0-2\\":1673424000000,\\"col-1-1\\":152,\\"col-2-3\\":83.6875},{\\"col-0-2\\":1673510400000,\\"col-1-1\\":152,\\"col-2-3\\":83.6875},{\\"col-0-2\\":1673596800000,\\"col-1-1\\":151,\\"col-2-3\\":87.4375},{\\"col-0-2\\":1673683200000,\\"col-1-1\\":157,\\"col-2-3\\":63.75},{\\"col-0-2\\":1673769600000,\\"col-1-1\\":151,\\"col-2-3\\":81.5625},{\\"col-0-2\\":1673856000000,\\"col-1-1\\":152,\\"col-2-3\\":100.6875},{\\"col-0-2\\":1673942400000,\\"col-1-1\\":142,\\"col-2-3\\":98},{\\"col-0-2\\":1674028800000,\\"col-1-1\\":151,\\"col-2-3\\":100.8125},{\\"col-0-2\\":1674115200000,\\"col-1-1\\":163,\\"col-2-3\\":83.6875},{\\"col-0-2\\":1674201600000,\\"col-1-1\\":156,\\"col-2-3\\":85.8125},{\\"col-0-2\\":1674288000000,\\"col-1-1\\":153,\\"col-2-3\\":98},{\\"col-0-2\\":1674374400000,\\"col-1-1\\":162,\\"col-2-3\\":75.9375},{\\"col-0-2\\":1674460800000,\\"col-1-1\\":152,\\"col-2-3\\":113.375},{\\"col-0-2\\":1674547200000,\\"col-1-1\\":159,\\"col-2-3\\":73.625},{\\"col-0-2\\":1674633600000,\\"col-1-1\\":165,\\"col-2-3\\":72.8125},{\\"col-0-2\\":1674720000000,\\"col-1-1\\":153,\\"col-2-3\\":113.375},{\\"col-0-2\\":1674806400000,\\"col-1-1\\":149,\\"col-2-3\\":82.5},{\\"col-0-2\\":1674892800000,\\"col-1-1\\":94,\\"col-2-3\\":54}]},\\"config\\":{\\"view\\":{\\"stroke\\":null},\\"concat\\":{\\"spacing\\":0},\\"legend\\":{\\"orient\\":\\"bottom\\"},\\"kibana\\":{\\"hideWarnings\\":true}},\\"layer\\":[{\\"mark\\":{\\"type\\":\\"line\\",\\"interpolate\\":\\"linear\\",\\"strokeWidth\\":2,\\"point\\":true},\\"encoding\\":{\\"x\\":{\\"axis\\":{\\"title\\":\\"order_date per day\\",\\"grid\\":false},\\"field\\":\\"col-0-2\\",\\"type\\":\\"temporal\\"},\\"y\\":{\\"axis\\":{\\"title\\":\\"Count\\",\\"grid\\":true,\\"orient\\":\\"right\\",\\"labels\\":true,\\"labelAngle\\":75},\\"field\\":\\"col-1-1\\",\\"type\\":\\"quantitative\\"},\\"tooltip\\":[{\\"field\\":\\"col-0-2\\",\\"type\\":\\"temporal\\",\\"title\\":\\"order_date per day\\"},{\\"field\\":\\"col-1-1\\",\\"type\\":\\"quantitative\\",\\"title\\":\\"Count\\"}],\\"color\\":{\\"datum\\":\\"Count\\"}}},{\\"mark\\":{\\"type\\":\\"line\\",\\"interpolate\\":\\"linear\\",\\"strokeWidth\\":2,\\"point\\":true},\\"encoding\\":{\\"x\\":{\\"axis\\":{\\"title\\":\\"order_date per day\\",\\"grid\\":false},\\"field\\":\\"col-0-2\\",\\"type\\":\\"temporal\\"},\\"y\\":{\\"axis\\":{\\"title\\":\\"Count\\",\\"grid\\":true,\\"orient\\":\\"right\\",\\"labels\\":true,\\"labelAngle\\":75},\\"field\\":\\"col-2-3\\",\\"type\\":\\"quantitative\\"},\\"tooltip\\":[{\\"field\\":\\"col-0-2\\",\\"type\\":\\"temporal\\",\\"title\\":\\"order_date per day\\"},{\\"field\\":\\"col-2-3\\",\\"type\\":\\"quantitative\\",\\"title\\":\\"Max products.min_price\\"}],\\"color\\":{\\"datum\\":\\"Max products.min_price\\"}}},{\\"mark\\":\\"rule\\",\\"encoding\\":{\\"x\\":{\\"type\\":\\"temporal\\",\\"field\\":\\"now_field\\"},\\"color\\":{\\"value\\":\\"red\\"},\\"size\\":{\\"value\\":1}}},{\\"mark\\":{\\"type\\":\\"rule\\",\\"color\\":\\"#E7664C\\",\\"strokeDash\\":[8,8]},\\"encoding\\":{\\"y\\":{\\"datum\\":100}}}],\\"transform\\":[{\\"calculate\\":\\"now()\\",\\"as\\":\\"now_field\\"}]}"`;

exports[`helpers createSpecFromXYChartDatatable() build empty chart if no x-axis is defined" 1`] = `"{\\"$schema\\":\\"https://vega.github.io/schema/vega-lite/v5.json\\",\\"data\\":{\\"values\\":[{\\"col-0-2\\":1672214400000,\\"col-1-1\\":44},{\\"col-0-2\\":1672300800000,\\"col-1-1\\":150},{\\"col-0-2\\":1672387200000,\\"col-1-1\\":154},{\\"col-0-2\\":1672473600000,\\"col-1-1\\":144},{\\"col-0-2\\":1672560000000,\\"col-1-1\\":133},{\\"col-0-2\\":1672646400000,\\"col-1-1\\":149},{\\"col-0-2\\":1672732800000,\\"col-1-1\\":152},{\\"col-0-2\\":1672819200000,\\"col-1-1\\":144},{\\"col-0-2\\":1672905600000,\\"col-1-1\\":166},{\\"col-0-2\\":1672992000000,\\"col-1-1\\":151},{\\"col-0-2\\":1673078400000,\\"col-1-1\\":143},{\\"col-0-2\\":1673164800000,\\"col-1-1\\":148},{\\"col-0-2\\":1673251200000,\\"col-1-1\\":146},{\\"col-0-2\\":1673337600000,\\"col-1-1\\":137},{\\"col-0-2\\":1673424000000,\\"col-1-1\\":152},{\\"col-0-2\\":1673510400000,\\"col-1-1\\":152},{\\"col-0-2\\":1673596800000,\\"col-1-1\\":151},{\\"col-0-2\\":1673683200000,\\"col-1-1\\":157},{\\"col-0-2\\":1673769600000,\\"col-1-1\\":151},{\\"col-0-2\\":1673856000000,\\"col-1-1\\":152},{\\"col-0-2\\":1673942400000,\\"col-1-1\\":142},{\\"col-0-2\\":1674028800000,\\"col-1-1\\":151},{\\"col-0-2\\":1674115200000,\\"col-1-1\\":163},{\\"col-0-2\\":1674201600000,\\"col-1-1\\":156},{\\"col-0-2\\":1674288000000,\\"col-1-1\\":153},{\\"col-0-2\\":1674374400000,\\"col-1-1\\":162},{\\"col-0-2\\":1674460800000,\\"col-1-1\\":152},{\\"col-0-2\\":1674547200000,\\"col-1-1\\":159},{\\"col-0-2\\":1674633600000,\\"col-1-1\\":165},{\\"col-0-2\\":1674720000000,\\"col-1-1\\":153},{\\"col-0-2\\":1674806400000,\\"col-1-1\\":149},{\\"col-0-2\\":1674892800000,\\"col-1-1\\":94}]},\\"config\\":{\\"view\\":{\\"stroke\\":null},\\"concat\\":{\\"spacing\\":0},\\"legend\\":{\\"orient\\":\\"right\\"},\\"kibana\\":{\\"hideWarnings\\":true}},\\"layer\\":[]}"`;

exports[`helpers createSpecFromXYChartDatatable() build simple line chart" 1`] = `"{\\"$schema\\":\\"https://vega.github.io/schema/vega-lite/v5.json\\",\\"data\\":{\\"values\\":[{\\"col-0-2\\":1672214400000,\\"col-1-1\\":44},{\\"col-0-2\\":1672300800000,\\"col-1-1\\":150},{\\"col-0-2\\":1672387200000,\\"col-1-1\\":154},{\\"col-0-2\\":1672473600000,\\"col-1-1\\":144},{\\"col-0-2\\":1672560000000,\\"col-1-1\\":133},{\\"col-0-2\\":1672646400000,\\"col-1-1\\":149},{\\"col-0-2\\":1672732800000,\\"col-1-1\\":152},{\\"col-0-2\\":1672819200000,\\"col-1-1\\":144},{\\"col-0-2\\":1672905600000,\\"col-1-1\\":166},{\\"col-0-2\\":1672992000000,\\"col-1-1\\":151},{\\"col-0-2\\":1673078400000,\\"col-1-1\\":143},{\\"col-0-2\\":1673164800000,\\"col-1-1\\":148},{\\"col-0-2\\":1673251200000,\\"col-1-1\\":146},{\\"col-0-2\\":1673337600000,\\"col-1-1\\":137},{\\"col-0-2\\":1673424000000,\\"col-1-1\\":152},{\\"col-0-2\\":1673510400000,\\"col-1-1\\":152},{\\"col-0-2\\":1673596800000,\\"col-1-1\\":151},{\\"col-0-2\\":1673683200000,\\"col-1-1\\":157},{\\"col-0-2\\":1673769600000,\\"col-1-1\\":151},{\\"col-0-2\\":1673856000000,\\"col-1-1\\":152},{\\"col-0-2\\":1673942400000,\\"col-1-1\\":142},{\\"col-0-2\\":1674028800000,\\"col-1-1\\":151},{\\"col-0-2\\":1674115200000,\\"col-1-1\\":163},{\\"col-0-2\\":1674201600000,\\"col-1-1\\":156},{\\"col-0-2\\":1674288000000,\\"col-1-1\\":153},{\\"col-0-2\\":1674374400000,\\"col-1-1\\":162},{\\"col-0-2\\":1674460800000,\\"col-1-1\\":152},{\\"col-0-2\\":1674547200000,\\"col-1-1\\":159},{\\"col-0-2\\":1674633600000,\\"col-1-1\\":165},{\\"col-0-2\\":1674720000000,\\"col-1-1\\":153},{\\"col-0-2\\":1674806400000,\\"col-1-1\\":149},{\\"col-0-2\\":1674892800000,\\"col-1-1\\":94}]},\\"config\\":{\\"view\\":{\\"stroke\\":null},\\"concat\\":{\\"spacing\\":0},\\"legend\\":{\\"orient\\":\\"right\\"},\\"kibana\\":{\\"hideWarnings\\":true}},\\"layer\\":[{\\"mark\\":{\\"type\\":\\"line\\",\\"interpolate\\":\\"linear\\",\\"strokeWidth\\":2,\\"point\\":true},\\"encoding\\":{\\"x\\":{\\"axis\\":{\\"title\\":\\"order_date per day\\",\\"grid\\":false},\\"field\\":\\"col-0-2\\",\\"type\\":\\"temporal\\"},\\"y\\":{\\"axis\\":{\\"title\\":\\"Count\\",\\"grid\\":false,\\"orient\\":\\"left\\",\\"labels\\":true,\\"labelAngle\\":0},\\"field\\":\\"col-1-1\\",\\"type\\":\\"quantitative\\"},\\"tooltip\\":[{\\"field\\":\\"col-0-2\\",\\"type\\":\\"temporal\\",\\"title\\":\\"order_date per day\\"},{\\"field\\":\\"col-1-1\\",\\"type\\":\\"quantitative\\",\\"title\\":\\"Count\\"}],\\"color\\":{\\"datum\\":\\"Count\\"}}}]}"`;
